SNAP
0.13
Version: 2.10.5-0-g87d07d15e
Instance: 00784523-d502-4093-98dc-d657591ff083
VClock: {1: 5}

Õ­í