SNAP
0.13
Version: 2.10.5-0-g87d07d15e
Instance: ece2c422-43ee-452b-96b9-1d942520899a
VClock: {1: 4}

Õ­í